python : ..F
At line:1 char:1
+ python -m unittest 
tests.test_email_logic 2> 
test_output.txt; type te ...
+ ~~~~~~~~~~~~~~~~~~~~~~~~~~~~~~
~~~~~~~~~~~~~~~~~~~~~~~~~~~~~~
    + CategoryInfo          : N 
   otSpecified: (..F:String) [  
  ], RemoteException
    + FullyQualifiedErrorId : N 
   ativeCommandError
 
================================
================================
======
FAIL: test_send_warning_letter_s
uccess (tests.test_email_logic.T
estEmailTools.test_send_warning_
letter_success)
Test successful warning letter 
sending: commit should be 
called.
--------------------------------
--------------------------------
------
Traceback (most recent call 
last):
  File "C:\Users\User\miniconda3
\Lib\unittest\mock.py", line 
1396, in patched
    return func(*newargs, 
**newkeywargs)
           
^^^^^^^^^^^^^^^^^^^^^^^^^^^^^
  File "D:\PINET\AI\Primasistant
-HR\backend\tests\test_email_log
ic.py", line 56, in 
test_send_warning_letter_success
    mock_conn.commit.assert_call
ed_once()
  File "C:\Users\User\miniconda3
\Lib\unittest\mock.py", line 
928, in assert_called_once
    raise AssertionError(msg)
AssertionError: Expected 
'commit' to have been called 
once. Called 2 times.
Calls: [call(), call()].

--------------------------------
--------------------------------
------
Ran 3 tests in 0.011s

FAILED (failures=1)
